// Jest Snapshot v1, https://goo.gl/fbAQLP

exports[`shows current interval 1`] = `
<div>
  <span
    className="current-interval"
  >
    1
  </span>
  /
  <span
    className="total-interval"
  >
    4
  </span>
</div>
`;

exports[`shows total / total when current interval is more than total 1`] = `
<div>
  <span
    className="current-interval"
  >
    4
  </span>
  /
  <span
    className="total-interval"
  >
    4
  </span>
</div>
`;
